2026-08-21 06:03:29.248: [INFO] CurrentProfilePath: E:\MADHURA_CRM\whatsapp-sessions\708\session\Default
2026-08-21 06:03:29.248: [INFO] Profiles total count: 1
2026-08-21 06:03:29.248: [INFO] Profile: name=Profile 1 path=E:\MADHURA_CRM\whatsapp-sessions\708\session\Default lastActive=null
2026-08-21 06:03:29.248: [INFO] LastUsedProfileDir: E:\MADHURA_CRM\whatsapp-sessions\708\session\Default
2026-08-21 06:03:29.248: [INFO] VisibilityChanged: 0
2026-08-21 06:03:29.299: [INFO] OnDoneLoading sync enabled: 0
2026-08-21 06:03:29.299: [INFO] BookmarkModelLoaded, ids_reassigned: 0
2026-08-21 06:03:29.299: [INFO] BookmarksLoadDropped droppedNodes=0
2026-08-21 06:03:29.299: [INFO] BookmarksSnapshot Startup total=0 bar=0 other=0 mobile=0 showBar=0 showBarNTP=1
2026-08-21 06:06:27.488: [INFO] CurrentProfilePath: E:\MADHURA_CRM\whatsapp-sessions\708\session\Default
2026-08-21 06:06:27.488: [INFO] Profiles total count: 1
2026-08-21 06:06:27.489: [INFO] Profile: name=Profile 1 path=E:\MADHURA_CRM\whatsapp-sessions\708\session\Default lastActive=2026-08-21T06:03:29.269Z
2026-08-21 06:06:27.489: [INFO] LastUsedProfileDir: E:\MADHURA_CRM\whatsapp-sessions\708\session\Default
2026-08-21 06:06:27.489: [INFO] MostRecentlyActiveProfile: name=Profile 1 path=E:\MADHURA_CRM\whatsapp-sessions\708\session\Default lastActive=2026-08-21T06:03:29.269Z
2026-08-21 06:06:27.489: [INFO] VisibilityChanged: 0
2026-08-21 06:06:27.510: [INFO] OnDoneLoading sync enabled: 0
2026-08-21 06:06:27.510: [INFO] BookmarkModelLoaded, ids_reassigned: 0
2026-08-21 06:06:27.510: [INFO] BookmarksLoadDropped droppedNodes=0
2026-08-21 06:06:27.510: [INFO] BookmarksSnapshot Startup total=0 bar=0 other=0 mobile=0 showBar=0 showBarNTP=1
2026-08-21 06:28:11.001: [INFO] CurrentProfilePath: E:\MADHURA_CRM\whatsapp-sessions\708\session\Default
2026-08-21 06:28:11.001: [INFO] Profiles total count: 1
2026-08-21 06:28:11.002: [INFO] Profile: name=Profile 1 path=E:\MADHURA_CRM\whatsapp-sessions\708\session\Default lastActive=2026-08-21T06:06:27.504Z
2026-08-21 06:28:11.002: [INFO] LastUsedProfileDir: E:\MADHURA_CRM\whatsapp-sessions\708\session\Default
2026-08-21 06:28:11.002: [INFO] MostRecentlyActiveProfile: name=Profile 1 path=E:\MADHURA_CRM\whatsapp-sessions\708\session\Default lastActive=2026-08-21T06:06:27.504Z
2026-08-21 06:28:11.002: [INFO] VisibilityChanged: 0
2026-08-21 06:28:11.077: [INFO] OnDoneLoading sync enabled: 0
2026-08-21 06:28:11.077: [INFO] BookmarkModelLoaded, ids_reassigned: 0
2026-08-21 06:28:11.077: [INFO] BookmarksLoadDropped droppedNodes=0
2026-08-21 06:28:11.077: [INFO] BookmarksSnapshot Startup total=0 bar=0 other=0 mobile=0 showBar=0 showBarNTP=1
