2026-08-19 04:39:06.362: [INFO] CurrentProfilePath: E:\MADHURA_CRM\whatsapp-sessions\733\session\Default
2026-08-19 04:39:06.362: [INFO] Profiles total count: 1
2026-08-19 04:39:06.362: [INFO] Profile: name=Profile 1 path=E:\MADHURA_CRM\whatsapp-sessions\733\session\Default lastActive=null
2026-08-19 04:39:06.362: [INFO] LastUsedProfileDir: E:\MADHURA_CRM\whatsapp-sessions\733\session\Default
2026-08-19 04:39:06.362: [INFO] VisibilityChanged: 0
2026-08-19 04:39:06.436: [INFO] OnDoneLoading sync enabled: 0
2026-08-19 04:39:06.436: [INFO] BookmarkModelLoaded, ids_reassigned: 0
2026-08-19 04:39:06.436: [INFO] BookmarksLoadDropped droppedNodes=0
2026-08-19 04:39:06.436: [INFO] BookmarksSnapshot Startup total=0 bar=0 other=0 mobile=0 showBar=0 showBarNTP=1
2026-08-19 04:41:23.441: [INFO] CurrentProfilePath: E:\MADHURA_CRM\whatsapp-sessions\733\session\Default
2026-08-19 04:41:23.441: [INFO] Profiles total count: 1
2026-08-19 04:41:23.442: [INFO] Profile: name=Profile 1 path=E:\MADHURA_CRM\whatsapp-sessions\733\session\Default lastActive=2026-08-19T04:39:06.394Z
2026-08-19 04:41:23.442: [INFO] LastUsedProfileDir: E:\MADHURA_CRM\whatsapp-sessions\733\session\Default
2026-08-19 04:41:23.442: [INFO] MostRecentlyActiveProfile: name=Profile 1 path=E:\MADHURA_CRM\whatsapp-sessions\733\session\Default lastActive=2026-08-19T04:39:06.394Z
2026-08-19 04:41:23.442: [INFO] VisibilityChanged: 0
2026-08-19 04:41:23.473: [INFO] OnDoneLoading sync enabled: 0
2026-08-19 04:41:23.473: [INFO] BookmarkModelLoaded, ids_reassigned: 0
2026-08-19 04:41:23.473: [INFO] BookmarksLoadDropped droppedNodes=0
2026-08-19 04:41:23.473: [INFO] BookmarksSnapshot Startup total=0 bar=0 other=0 mobile=0 showBar=0 showBarNTP=1
2026-08-19 04:47:15.857: [INFO] CurrentProfilePath: E:\MADHURA_CRM\whatsapp-sessions\733\session\Default
2026-08-19 04:47:15.857: [INFO] Profiles total count: 1
2026-08-19 04:47:15.857: [INFO] Profile: name=Profile 1 path=E:\MADHURA_CRM\whatsapp-sessions\733\session\Default lastActive=2026-08-19T04:41:23.466Z
2026-08-19 04:47:15.857: [INFO] LastUsedProfileDir: E:\MADHURA_CRM\whatsapp-sessions\733\session\Default
2026-08-19 04:47:15.858: [INFO] MostRecentlyActiveProfile: name=Profile 1 path=E:\MADHURA_CRM\whatsapp-sessions\733\session\Default lastActive=2026-08-19T04:41:23.466Z
2026-08-19 04:47:15.858: [INFO] VisibilityChanged: 0
2026-08-19 04:47:15.909: [INFO] OnDoneLoading sync enabled: 0
2026-08-19 04:47:15.909: [INFO] BookmarkModelLoaded, ids_reassigned: 0
2026-08-19 04:47:15.909: [INFO] BookmarksLoadDropped droppedNodes=0
2026-08-19 04:47:15.909: [INFO] BookmarksSnapshot Startup total=0 bar=0 other=0 mobile=0 showBar=0 showBarNTP=1
2026-08-19 04:52:02.690: [INFO] CurrentProfilePath: E:\MADHURA_CRM\whatsapp-sessions\733\session\Default
2026-08-19 04:52:02.690: [INFO] Profiles total count: 1
2026-08-19 04:52:02.690: [INFO] Profile: name=Profile 1 path=E:\MADHURA_CRM\whatsapp-sessions\733\session\Default lastActive=2026-08-19T04:47:15.881Z
2026-08-19 04:52:02.690: [INFO] LastUsedProfileDir: E:\MADHURA_CRM\whatsapp-sessions\733\session\Default
2026-08-19 04:52:02.690: [INFO] MostRecentlyActiveProfile: name=Profile 1 path=E:\MADHURA_CRM\whatsapp-sessions\733\session\Default lastActive=2026-08-19T04:47:15.881Z
2026-08-19 04:52:02.690: [INFO] VisibilityChanged: 0
2026-08-19 04:52:02.761: [INFO] OnDoneLoading sync enabled: 0
2026-08-19 04:52:02.761: [INFO] BookmarkModelLoaded, ids_reassigned: 0
2026-08-19 04:52:02.761: [INFO] BookmarksLoadDropped droppedNodes=0
2026-08-19 04:52:02.761: [INFO] BookmarksSnapshot Startup total=0 bar=0 other=0 mobile=0 showBar=0 showBarNTP=1
2026-08-19 05:00:51.473: [INFO] CurrentProfilePath: E:\MADHURA_CRM\whatsapp-sessions\733\session\Default
2026-08-19 05:00:51.473: [INFO] Profiles total count: 1
2026-08-19 05:00:51.473: [INFO] Profile: name=Profile 1 path=E:\MADHURA_CRM\whatsapp-sessions\733\session\Default lastActive=2026-08-19T04:52:02.723Z
2026-08-19 05:00:51.473: [INFO] LastUsedProfileDir: E:\MADHURA_CRM\whatsapp-sessions\733\session\Default
2026-08-19 05:00:51.473: [INFO] MostRecentlyActiveProfile: name=Profile 1 path=E:\MADHURA_CRM\whatsapp-sessions\733\session\Default lastActive=2026-08-19T04:52:02.723Z
2026-08-19 05:00:51.473: [INFO] VisibilityChanged: 0
2026-08-19 05:00:51.529: [INFO] OnDoneLoading sync enabled: 0
2026-08-19 05:00:51.529: [INFO] BookmarkModelLoaded, ids_reassigned: 0
2026-08-19 05:00:51.529: [INFO] BookmarksLoadDropped droppedNodes=0
2026-08-19 05:00:51.529: [INFO] BookmarksSnapshot Startup total=0 bar=0 other=0 mobile=0 showBar=0 showBarNTP=1
2026-08-19 05:10:20.292: [INFO] CurrentProfilePath: E:\MADHURA_CRM\whatsapp-sessions\733\session\Default
2026-08-19 05:10:20.292: [INFO] Profiles total count: 1
2026-08-19 05:10:20.292: [INFO] Profile: name=Profile 1 path=E:\MADHURA_CRM\whatsapp-sessions\733\session\Default lastActive=2026-08-19T05:00:51.499Z
2026-08-19 05:10:20.293: [INFO] LastUsedProfileDir: E:\MADHURA_CRM\whatsapp-sessions\733\session\Default
2026-08-19 05:10:20.293: [INFO] MostRecentlyActiveProfile: name=Profile 1 path=E:\MADHURA_CRM\whatsapp-sessions\733\session\Default lastActive=2026-08-19T05:00:51.499Z
2026-08-19 05:10:20.293: [INFO] VisibilityChanged: 0
2026-08-19 05:10:20.354: [INFO] OnDoneLoading sync enabled: 0
2026-08-19 05:10:20.354: [INFO] BookmarkModelLoaded, ids_reassigned: 0
2026-08-19 05:10:20.354: [INFO] BookmarksLoadDropped droppedNodes=0
2026-08-19 05:10:20.354: [INFO] BookmarksSnapshot Startup total=0 bar=0 other=0 mobile=0 showBar=0 showBarNTP=1
2026-08-19 05:33:11.379: [INFO] CurrentProfilePath: E:\MADHURA_CRM\whatsapp-sessions\733\session\Default
2026-08-19 05:33:11.379: [INFO] Profiles total count: 1
2026-08-19 05:33:11.381: [INFO] Profile: name=Profile 1 path=E:\MADHURA_CRM\whatsapp-sessions\733\session\Default lastActive=2026-08-19T05:10:20.319Z
2026-08-19 05:33:11.381: [INFO] LastUsedProfileDir: E:\MADHURA_CRM\whatsapp-sessions\733\session\Default
2026-08-19 05:33:11.381: [INFO] MostRecentlyActiveProfile: name=Profile 1 path=E:\MADHURA_CRM\whatsapp-sessions\733\session\Default lastActive=2026-08-19T05:10:20.319Z
2026-08-19 05:33:11.381: [INFO] VisibilityChanged: 0
2026-08-19 05:33:11.447: [INFO] OnDoneLoading sync enabled: 0
2026-08-19 05:33:11.447: [INFO] BookmarkModelLoaded, ids_reassigned: 0
2026-08-19 05:33:11.447: [INFO] BookmarksLoadDropped droppedNodes=0
2026-08-19 05:33:11.447: [INFO] BookmarksSnapshot Startup total=0 bar=0 other=0 mobile=0 showBar=0 showBarNTP=1
2026-08-19 05:59:13.898: [INFO] CurrentProfilePath: E:\MADHURA_CRM\whatsapp-sessions\733\session\Default
2026-08-19 05:59:13.898: [INFO] Profiles total count: 1
2026-08-19 05:59:13.898: [INFO] Profile: name=Profile 1 path=E:\MADHURA_CRM\whatsapp-sessions\733\session\Default lastActive=2026-08-19T05:33:11.407Z
2026-08-19 05:59:13.898: [INFO] LastUsedProfileDir: E:\MADHURA_CRM\whatsapp-sessions\733\session\Default
2026-08-19 05:59:13.898: [INFO] MostRecentlyActiveProfile: name=Profile 1 path=E:\MADHURA_CRM\whatsapp-sessions\733\session\Default lastActive=2026-08-19T05:33:11.407Z
2026-08-19 05:59:13.898: [INFO] VisibilityChanged: 0
2026-08-19 05:59:13.966: [INFO] OnDoneLoading sync enabled: 0
2026-08-19 05:59:13.966: [INFO] BookmarkModelLoaded, ids_reassigned: 0
2026-08-19 05:59:13.966: [INFO] BookmarksLoadDropped droppedNodes=0
2026-08-19 05:59:13.966: [INFO] BookmarksSnapshot Startup total=0 bar=0 other=0 mobile=0 showBar=0 showBarNTP=1
2026-08-19 05:59:53.809: [INFO] CurrentProfilePath: E:\MADHURA_CRM\whatsapp-sessions\733\session\Default
2026-08-19 05:59:53.809: [INFO] Profiles total count: 1
2026-08-19 05:59:53.809: [INFO] Profile: name=Profile 1 path=E:\MADHURA_CRM\whatsapp-sessions\733\session\Default lastActive=2026-08-19T05:59:13.924Z
2026-08-19 05:59:53.809: [INFO] LastUsedProfileDir: E:\MADHURA_CRM\whatsapp-sessions\733\session\Default
2026-08-19 05:59:53.809: [INFO] MostRecentlyActiveProfile: name=Profile 1 path=E:\MADHURA_CRM\whatsapp-sessions\733\session\Default lastActive=2026-08-19T05:59:13.924Z
2026-08-19 05:59:53.809: [INFO] VisibilityChanged: 0
2026-08-19 05:59:53.866: [INFO] OnDoneLoading sync enabled: 0
2026-08-19 05:59:53.866: [INFO] BookmarkModelLoaded, ids_reassigned: 0
2026-08-19 05:59:53.866: [INFO] BookmarksLoadDropped droppedNodes=0
2026-08-19 05:59:53.866: [INFO] BookmarksSnapshot Startup total=0 bar=0 other=0 mobile=0 showBar=0 showBarNTP=1
2026-08-20 05:12:57.365: [INFO] CurrentProfilePath: E:\MADHURA_CRM\whatsapp-sessions\733\session\Default
2026-08-20 05:12:57.365: [INFO] Profiles total count: 1
2026-08-20 05:12:57.366: [INFO] Profile: name=Profile 1 path=E:\MADHURA_CRM\whatsapp-sessions\733\session\Default lastActive=2026-08-19T05:59:53.832Z
2026-08-20 05:12:57.366: [INFO] LastUsedProfileDir: E:\MADHURA_CRM\whatsapp-sessions\733\session\Default
2026-08-20 05:12:57.366: [INFO] MostRecentlyActiveProfile: name=Profile 1 path=E:\MADHURA_CRM\whatsapp-sessions\733\session\Default lastActive=2026-08-19T05:59:53.832Z
2026-08-20 05:12:57.366: [INFO] VisibilityChanged: 0
2026-08-20 05:12:57.422: [INFO] OnDoneLoading sync enabled: 0
2026-08-20 05:12:57.422: [INFO] BookmarkModelLoaded, ids_reassigned: 0
2026-08-20 05:12:57.422: [INFO] BookmarksLoadDropped droppedNodes=0
2026-08-20 05:12:57.422: [INFO] BookmarksSnapshot Startup total=0 bar=0 other=0 mobile=0 showBar=0 showBarNTP=1
2026-08-20 05:13:14.322: [INFO] BookmarksSnapshot Shutdown total=0 bar=0 other=0 mobile=0 showBar=0 showBarNTP=1
2026-08-20 05:13:24.870: [INFO] CurrentProfilePath: E:\MADHURA_CRM\whatsapp-sessions\733\session\Default
2026-08-20 05:13:24.870: [INFO] Profiles total count: 1
2026-08-20 05:13:24.870: [INFO] Profile: name=Profile 1 path=E:\MADHURA_CRM\whatsapp-sessions\733\session\Default lastActive=2026-08-20T05:12:57.391Z
2026-08-20 05:13:24.870: [INFO] LastUsedProfileDir: E:\MADHURA_CRM\whatsapp-sessions\733\session\Default
2026-08-20 05:13:24.870: [INFO] MostRecentlyActiveProfile: name=Profile 1 path=E:\MADHURA_CRM\whatsapp-sessions\733\session\Default lastActive=2026-08-20T05:12:57.391Z
2026-08-20 05:13:24.870: [INFO] VisibilityChanged: 0
2026-08-20 05:13:24.909: [INFO] OnDoneLoading sync enabled: 0
2026-08-20 05:13:24.909: [INFO] BookmarkModelLoaded, ids_reassigned: 0
2026-08-20 05:13:24.909: [INFO] BookmarksLoadDropped droppedNodes=0
2026-08-20 05:13:24.909: [INFO] BookmarksSnapshot Startup total=0 bar=0 other=0 mobile=0 showBar=0 showBarNTP=1
2026-08-20 05:14:24.333: [INFO] BookmarksSnapshot Shutdown total=0 bar=0 other=0 mobile=0 showBar=0 showBarNTP=1
2026-08-20 05:29:58.469: [INFO] CurrentProfilePath: E:\MADHURA_CRM\whatsapp-sessions\733\session\Default
2026-08-20 05:29:58.469: [INFO] Profiles total count: 1
2026-08-20 05:29:58.470: [INFO] Profile: name=Profile 1 path=E:\MADHURA_CRM\whatsapp-sessions\733\session\Default lastActive=2026-08-20T05:13:24.895Z
2026-08-20 05:29:58.470: [INFO] LastUsedProfileDir: E:\MADHURA_CRM\whatsapp-sessions\733\session\Default
2026-08-20 05:29:58.470: [INFO] MostRecentlyActiveProfile: name=Profile 1 path=E:\MADHURA_CRM\whatsapp-sessions\733\session\Default lastActive=2026-08-20T05:13:24.895Z
2026-08-20 05:29:58.470: [INFO] VisibilityChanged: 0
2026-08-20 05:29:58.511: [INFO] OnDoneLoading sync enabled: 0
2026-08-20 05:29:58.511: [INFO] BookmarkModelLoaded, ids_reassigned: 0
2026-08-20 05:29:58.511: [INFO] BookmarksLoadDropped droppedNodes=0
2026-08-20 05:29:58.511: [INFO] BookmarksSnapshot Startup total=0 bar=0 other=0 mobile=0 showBar=0 showBarNTP=1
2026-08-20 05:30:57.742: [INFO] BookmarksSnapshot Shutdown total=0 bar=0 other=0 mobile=0 showBar=0 showBarNTP=1
2026-08-20 05:44:57.419: [INFO] CurrentProfilePath: E:\MADHURA_CRM\whatsapp-sessions\733\session\Default
2026-08-20 05:44:57.419: [INFO] Profiles total count: 1
2026-08-20 05:44:57.420: [INFO] Profile: name=Profile 1 path=E:\MADHURA_CRM\whatsapp-sessions\733\session\Default lastActive=2026-08-20T05:29:58.498Z
2026-08-20 05:44:57.420: [INFO] LastUsedProfileDir: E:\MADHURA_CRM\whatsapp-sessions\733\session\Default
2026-08-20 05:44:57.420: [INFO] MostRecentlyActiveProfile: name=Profile 1 path=E:\MADHURA_CRM\whatsapp-sessions\733\session\Default lastActive=2026-08-20T05:29:58.498Z
2026-08-20 05:44:57.420: [INFO] VisibilityChanged: 0
2026-08-20 05:44:57.468: [INFO] OnDoneLoading sync enabled: 0
2026-08-20 05:44:57.468: [INFO] BookmarkModelLoaded, ids_reassigned: 0
2026-08-20 05:44:57.468: [INFO] BookmarksLoadDropped droppedNodes=0
2026-08-20 05:44:57.468: [INFO] BookmarksSnapshot Startup total=0 bar=0 other=0 mobile=0 showBar=0 showBarNTP=1
2026-08-20 05:45:22.557: [INFO] CurrentProfilePath: E:\MADHURA_CRM\whatsapp-sessions\733\session\Default
2026-08-20 05:45:22.557: [INFO] Profiles total count: 1
2026-08-20 05:45:22.557: [INFO] Profile: name=Profile 1 path=E:\MADHURA_CRM\whatsapp-sessions\733\session\Default lastActive=2026-08-20T05:44:57.451Z
2026-08-20 05:45:22.558: [INFO] LastUsedProfileDir: E:\MADHURA_CRM\whatsapp-sessions\733\session\Default
2026-08-20 05:45:22.558: [INFO] MostRecentlyActiveProfile: name=Profile 1 path=E:\MADHURA_CRM\whatsapp-sessions\733\session\Default lastActive=2026-08-20T05:44:57.451Z
2026-08-20 05:45:22.558: [INFO] VisibilityChanged: 0
2026-08-20 05:45:22.626: [INFO] OnDoneLoading sync enabled: 0
2026-08-20 05:45:22.626: [INFO] BookmarkModelLoaded, ids_reassigned: 0
2026-08-20 05:45:22.626: [INFO] BookmarksLoadDropped droppedNodes=0
2026-08-20 05:45:22.626: [INFO] BookmarksSnapshot Startup total=0 bar=0 other=0 mobile=0 showBar=0 showBarNTP=1
2026-08-21 06:02:30.000: [INFO] CurrentProfilePath: E:\MADHURA_CRM\whatsapp-sessions\733\session\Default
2026-08-21 06:02:30.000: [INFO] Profiles total count: 1
2026-08-21 06:02:30.000: [INFO] Profile: name=Profile 1 path=E:\MADHURA_CRM\whatsapp-sessions\733\session\Default lastActive=2026-08-20T05:45:22.592Z
2026-08-21 06:02:30.000: [INFO] LastUsedProfileDir: E:\MADHURA_CRM\whatsapp-sessions\733\session\Default
2026-08-21 06:02:30.000: [INFO] MostRecentlyActiveProfile: name=Profile 1 path=E:\MADHURA_CRM\whatsapp-sessions\733\session\Default lastActive=2026-08-20T05:45:22.592Z
2026-08-21 06:02:30.000: [INFO] VisibilityChanged: 0
2026-08-21 06:02:30.061: [INFO] OnDoneLoading sync enabled: 0
2026-08-21 06:02:30.061: [INFO] BookmarkModelLoaded, ids_reassigned: 0
2026-08-21 06:02:30.061: [INFO] BookmarksLoadDropped droppedNodes=0
2026-08-21 06:02:30.061: [INFO] BookmarksSnapshot Startup total=0 bar=0 other=0 mobile=0 showBar=0 showBarNTP=1
2026-08-21 06:06:32.693: [INFO] CurrentProfilePath: E:\MADHURA_CRM\whatsapp-sessions\733\session\Default
2026-08-21 06:06:32.693: [INFO] Profiles total count: 1
2026-08-21 06:06:32.694: [INFO] Profile: name=Profile 1 path=E:\MADHURA_CRM\whatsapp-sessions\733\session\Default lastActive=2026-08-21T06:02:30.037Z
2026-08-21 06:06:32.694: [INFO] LastUsedProfileDir: E:\MADHURA_CRM\whatsapp-sessions\733\session\Default
2026-08-21 06:06:32.694: [INFO] MostRecentlyActiveProfile: name=Profile 1 path=E:\MADHURA_CRM\whatsapp-sessions\733\session\Default lastActive=2026-08-21T06:02:30.037Z
2026-08-21 06:06:32.694: [INFO] VisibilityChanged: 0
2026-08-21 06:06:32.755: [INFO] OnDoneLoading sync enabled: 0
2026-08-21 06:06:32.755: [INFO] BookmarkModelLoaded, ids_reassigned: 0
2026-08-21 06:06:32.755: [INFO] BookmarksLoadDropped droppedNodes=0
2026-08-21 06:06:32.755: [INFO] BookmarksSnapshot Startup total=0 bar=0 other=0 mobile=0 showBar=0 showBarNTP=1
2026-08-21 06:28:15.003: [INFO] CurrentProfilePath: E:\MADHURA_CRM\whatsapp-sessions\733\session\Default
2026-08-21 06:28:15.003: [INFO] Profiles total count: 1
2026-08-21 06:28:15.004: [INFO] Profile: name=Profile 1 path=E:\MADHURA_CRM\whatsapp-sessions\733\session\Default lastActive=2026-08-21T06:06:32.723Z
2026-08-21 06:28:15.004: [INFO] LastUsedProfileDir: E:\MADHURA_CRM\whatsapp-sessions\733\session\Default
2026-08-21 06:28:15.004: [INFO] MostRecentlyActiveProfile: name=Profile 1 path=E:\MADHURA_CRM\whatsapp-sessions\733\session\Default lastActive=2026-08-21T06:06:32.723Z
2026-08-21 06:28:15.004: [INFO] VisibilityChanged: 0
2026-08-21 06:28:15.049: [INFO] OnDoneLoading sync enabled: 0
2026-08-21 06:28:15.049: [INFO] BookmarkModelLoaded, ids_reassigned: 0
2026-08-21 06:28:15.049: [INFO] BookmarksLoadDropped droppedNodes=0
2026-08-21 06:28:15.049: [INFO] BookmarksSnapshot Startup total=0 bar=0 other=0 mobile=0 showBar=0 showBarNTP=1
2026-08-22 04:38:36.407: [INFO] CurrentProfilePath: E:\MADHURA_CRM\whatsapp-sessions\733\session\Default
2026-08-22 04:38:36.407: [INFO] Profiles total count: 1
2026-08-22 04:38:36.408: [INFO] Profile: name=Profile 1 path=E:\MADHURA_CRM\whatsapp-sessions\733\session\Default lastActive=2026-08-21T06:28:15.023Z
2026-08-22 04:38:36.408: [INFO] LastUsedProfileDir: E:\MADHURA_CRM\whatsapp-sessions\733\session\Default
2026-08-22 04:38:36.408: [INFO] MostRecentlyActiveProfile: name=Profile 1 path=E:\MADHURA_CRM\whatsapp-sessions\733\session\Default lastActive=2026-08-21T06:28:15.023Z
2026-08-22 04:38:36.408: [INFO] VisibilityChanged: 0
2026-08-22 04:38:36.472: [INFO] OnDoneLoading sync enabled: 0
2026-08-22 04:38:36.472: [INFO] BookmarkModelLoaded, ids_reassigned: 0
2026-08-22 04:38:36.472: [INFO] BookmarksLoadDropped droppedNodes=0
2026-08-22 04:38:36.472: [INFO] BookmarksSnapshot Startup total=0 bar=0 other=0 mobile=0 showBar=0 showBarNTP=1
2026-08-22 05:08:02.721: [INFO] CurrentProfilePath: E:\MADHURA_CRM\whatsapp-sessions\733\session\Default
2026-08-22 05:08:02.721: [INFO] Profiles total count: 1
2026-08-22 05:08:02.722: [INFO] Profile: name=Profile 1 path=E:\MADHURA_CRM\whatsapp-sessions\733\session\Default lastActive=2026-08-22T04:38:36.435Z
2026-08-22 05:08:02.722: [INFO] LastUsedProfileDir: E:\MADHURA_CRM\whatsapp-sessions\733\session\Default
2026-08-22 05:08:02.722: [INFO] MostRecentlyActiveProfile: name=Profile 1 path=E:\MADHURA_CRM\whatsapp-sessions\733\session\Default lastActive=2026-08-22T04:38:36.435Z
2026-08-22 05:08:02.722: [INFO] VisibilityChanged: 0
2026-08-22 05:08:02.767: [INFO] OnDoneLoading sync enabled: 0
2026-08-22 05:08:02.767: [INFO] BookmarkModelLoaded, ids_reassigned: 0
2026-08-22 05:08:02.767: [INFO] BookmarksLoadDropped droppedNodes=0
2026-08-22 05:08:02.767: [INFO] BookmarksSnapshot Startup total=0 bar=0 other=0 mobile=0 showBar=0 showBarNTP=1
2026-08-22 05:17:00.543: [INFO] CurrentProfilePath: E:\MADHURA_CRM\whatsapp-sessions\733\session\Default
2026-08-22 05:17:00.543: [INFO] Profiles total count: 1
2026-08-22 05:17:00.543: [INFO] Profile: name=Profile 1 path=E:\MADHURA_CRM\whatsapp-sessions\733\session\Default lastActive=2026-08-22T05:08:02.746Z
2026-08-22 05:17:00.543: [INFO] LastUsedProfileDir: E:\MADHURA_CRM\whatsapp-sessions\733\session\Default
2026-08-22 05:17:00.543: [INFO] MostRecentlyActiveProfile: name=Profile 1 path=E:\MADHURA_CRM\whatsapp-sessions\733\session\Default lastActive=2026-08-22T05:08:02.746Z
2026-08-22 05:17:00.543: [INFO] VisibilityChanged: 0
2026-08-22 05:17:00.600: [INFO] OnDoneLoading sync enabled: 0
2026-08-22 05:17:00.600: [INFO] BookmarkModelLoaded, ids_reassigned: 0
2026-08-22 05:17:00.600: [INFO] BookmarksLoadDropped droppedNodes=0
2026-08-22 05:17:00.600: [INFO] BookmarksSnapshot Startup total=0 bar=0 other=0 mobile=0 showBar=0 showBarNTP=1
2026-08-22 05:23:04.049: [INFO] CurrentProfilePath: E:\MADHURA_CRM\whatsapp-sessions\733\session\Default
2026-08-22 05:23:04.049: [INFO] Profiles total count: 1
2026-08-22 05:23:04.055: [INFO] Profile: name=Profile 1 path=E:\MADHURA_CRM\whatsapp-sessions\733\session\Default lastActive=2026-08-22T05:17:00.568Z
2026-08-22 05:23:04.055: [INFO] LastUsedProfileDir: E:\MADHURA_CRM\whatsapp-sessions\733\session\Default
2026-08-22 05:23:04.055: [INFO] MostRecentlyActiveProfile: name=Profile 1 path=E:\MADHURA_CRM\whatsapp-sessions\733\session\Default lastActive=2026-08-22T05:17:00.568Z
2026-08-22 05:23:04.055: [INFO] VisibilityChanged: 0
2026-08-22 05:23:04.105: [INFO] OnDoneLoading sync enabled: 0
2026-08-22 05:23:04.105: [INFO] BookmarkModelLoaded, ids_reassigned: 0
2026-08-22 05:23:04.105: [INFO] BookmarksLoadDropped droppedNodes=0
2026-08-22 05:23:04.105: [INFO] BookmarksSnapshot Startup total=0 bar=0 other=0 mobile=0 showBar=0 showBarNTP=1
2026-08-22 05:58:33.433: [INFO] CurrentProfilePath: E:\MADHURA_CRM\whatsapp-sessions\733\session\Default
2026-08-22 05:58:33.433: [INFO] Profiles total count: 1
2026-08-22 05:58:33.434: [INFO] Profile: name=Profile 1 path=E:\MADHURA_CRM\whatsapp-sessions\733\session\Default lastActive=2026-08-22T05:23:04.083Z
2026-08-22 05:58:33.434: [INFO] LastUsedProfileDir: E:\MADHURA_CRM\whatsapp-sessions\733\session\Default
2026-08-22 05:58:33.434: [INFO] MostRecentlyActiveProfile: name=Profile 1 path=E:\MADHURA_CRM\whatsapp-sessions\733\session\Default lastActive=2026-08-22T05:23:04.083Z
2026-08-22 05:58:33.434: [INFO] VisibilityChanged: 0
2026-08-22 05:58:33.591: [INFO] OnDoneLoading sync enabled: 0
2026-08-22 05:58:33.591: [INFO] BookmarkModelLoaded, ids_reassigned: 0
2026-08-22 05:58:33.591: [INFO] BookmarksLoadDropped droppedNodes=0
2026-08-22 05:58:33.591: [INFO] BookmarksSnapshot Startup total=0 bar=0 other=0 mobile=0 showBar=0 showBarNTP=1
