2026-08-22 05:23:46.837: [INFO] CurrentProfilePath: E:\MADHURA_CRM\whatsapp-sessions\1\session\Default
2026-08-22 05:23:46.837: [INFO] Profiles total count: 1
2026-08-22 05:23:46.837: [INFO] Profile: name=Profile 1 path=E:\MADHURA_CRM\whatsapp-sessions\1\session\Default lastActive=null
2026-08-22 05:23:46.837: [INFO] LastUsedProfileDir: E:\MADHURA_CRM\whatsapp-sessions\1\session\Default
2026-08-22 05:23:46.837: [INFO] VisibilityChanged: 0
2026-08-22 05:23:46.888: [INFO] OnDoneLoading sync enabled: 0
2026-08-22 05:23:46.888: [INFO] BookmarkModelLoaded, ids_reassigned: 0
2026-08-22 05:23:46.888: [INFO] BookmarksLoadDropped droppedNodes=0
2026-08-22 05:23:46.888: [INFO] BookmarksSnapshot Startup total=0 bar=0 other=0 mobile=0 showBar=0 showBarNTP=1
2026-08-22 05:58:26.419: [INFO] CurrentProfilePath: E:\MADHURA_CRM\whatsapp-sessions\1\session\Default
2026-08-22 05:58:26.419: [INFO] Profiles total count: 1
2026-08-22 05:58:26.424: [INFO] Profile: name=Profile 1 path=E:\MADHURA_CRM\whatsapp-sessions\1\session\Default lastActive=2026-08-22T05:23:46.860Z
2026-08-22 05:58:26.424: [INFO] LastUsedProfileDir: E:\MADHURA_CRM\whatsapp-sessions\1\session\Default
2026-08-22 05:58:26.424: [INFO] MostRecentlyActiveProfile: name=Profile 1 path=E:\MADHURA_CRM\whatsapp-sessions\1\session\Default lastActive=2026-08-22T05:23:46.860Z
2026-08-22 05:58:26.424: [INFO] VisibilityChanged: 0
2026-08-22 05:58:26.463: [INFO] OnDoneLoading sync enabled: 0
2026-08-22 05:58:26.463: [INFO] BookmarkModelLoaded, ids_reassigned: 0
2026-08-22 05:58:26.463: [INFO] BookmarksLoadDropped droppedNodes=0
2026-08-22 05:58:26.463: [INFO] BookmarksSnapshot Startup total=0 bar=0 other=0 mobile=0 showBar=0 showBarNTP=1
2026-08-22 05:59:22.337: [INFO] BookmarksSnapshot Shutdown total=0 bar=0 other=0 mobile=0 showBar=0 showBarNTP=1
