 
[Fri 06/12/2026 11:08:37.54] ========== ACHME CRM One-Click Setup started ========== 
[Fri 06/12/2026 11:08:37.76] Step 1: MySQL check 
[Fri 06/12/2026 11:08:37.89] MySQL OK, set to auto-start 
[Fri 06/12/2026 11:08:37.89] Step 2: Node.js check 
[Fri 06/12/2026 11:08:38.15] Node.js at: C:\Program Files\nodejs\ 
[Fri 06/12/2026 11:08:38.16] Step 3: Config files 
[Fri 06/12/2026 11:08:38.18] Step 4: Backend setup 
◇ injected env (14) from .env // tip: ⌁ auth for agents [www.vestauth.com]
Database user 'achme_user' already works.
◇ injected env (14) from .env // tip: ⌁ auth for agents [www.vestauth.com]

======================================================
⚙️  DATABASE PRE-START CHECK
Connecting to MySQL at 127.0.0.1:3306 as achme_user...
======================================================
✅ Connected to MySQL server successfully.
✅ Database 'achme' exists or was successfully created.
======================================================

[Fri 06/12/2026 11:08:38.89] Step 5: PM2 check 
[Fri 06/12/2026 11:08:39.92] npm prefix: C:\Users\thana\AppData\Roaming\npm 
[Fri 06/12/2026 11:08:40.46] PM2 home: C:\Users\thana\.pm2 
[Fri 06/12/2026 11:08:40.47] Step 6: Frontend setup 
[Fri 06/12/2026 11:08:40.48] Step 7: Nginx setup 
[Fri 06/12/2026 11:08:46.17] Step 8: PM2 backend start 
[Fri 06/12/2026 11:08:48.95] Step 9: Auto-boot setup 
[Fri 06/12/2026 11:08:50.10] Scheduled tasks registered 
[Fri 06/12/2026 11:08:50.50] Step 10: Health verification 
